
Memory Configuration

Name             Origin             Length             Attributes
Flash            0x00000000         0x00020000         xr
SRAM             0x20000000         0x00005000         xrw
*default*        0x00000000         0xffffffff

Linker script and memory map


.text           0x00000000      0x124
 *(.vectors*)
 .vectors       0x00000000       0x10 startup.o
                0x00000000                g_p_fn_Vectors
 *(.text*)
 .text          0x00000010       0x84 main.o
                0x00000010                main
 .text          0x00000094       0x90 startup.o
                0x00000094                H_Fault_Handler
                0x00000094                Default_Handler
                0x00000094                NMI_Handler
                0x000000a0                Reset_Handler
 *(.rodata)
                0x00000124                E_text = .

.glue_7         0x00000124        0x0
 .glue_7        0x00000124        0x0 linker stubs

.glue_7t        0x00000124        0x0
 .glue_7t       0x00000124        0x0 linker stubs

.vfp11_veneer   0x00000124        0x0
 .vfp11_veneer  0x00000124        0x0 linker stubs

.v4_bx          0x00000124        0x0
 .v4_bx         0x00000124        0x0 linker stubs

.iplt           0x00000124        0x0
 .iplt          0x00000124        0x0 main.o

.rel.dyn        0x00000124        0x0
 .rel.iplt      0x00000124        0x0 main.o

.data           0x20000000        0x0 load address 0x00000124
                0x20000000                S_DATA = .
 *(.data)
 .data          0x20000000        0x0 main.o
 .data          0x20000000        0x0 startup.o
                0x20000000                . = ALIGN (0x4)
                0x20000000                E_DATA = .

.igot.plt       0x20000000        0x0 load address 0x00000124
 .igot.plt      0x20000000        0x0 main.o

.bss            0x20000000      0x400 load address 0x00000124
                0x20000000                _S_bss = .
 *(.bss*)
 .bss           0x20000000        0x0 main.o
 .bss           0x20000000      0x400 startup.o
                0x20000400                _E_bss = .
LOAD main.o
LOAD startup.o
OUTPUT(Toggle_Led_Tiva.elf elf32-littlearm)

.debug_info     0x00000000      0x216
 .debug_info    0x00000000       0x71 main.o
 .debug_info    0x00000071      0x1a5 startup.o

.debug_abbrev   0x00000000      0x145
 .debug_abbrev  0x00000000       0x69 main.o
 .debug_abbrev  0x00000069       0xdc startup.o

.debug_loc      0x00000000       0xb4
 .debug_loc     0x00000000       0x38 main.o
 .debug_loc     0x00000038       0x7c startup.o

.debug_aranges  0x00000000       0x40
 .debug_aranges
                0x00000000       0x20 main.o
 .debug_aranges
                0x00000020       0x20 startup.o

.debug_line     0x00000000       0xca
 .debug_line    0x00000000       0x63 main.o
 .debug_line    0x00000063       0x67 startup.o

.debug_str      0x00000000      0x1b7
 .debug_str     0x00000000       0xe4 main.o
                                 0xf6 (size before relaxing)
 .debug_str     0x000000e4       0xd3 startup.o
                                0x1c9 (size before relaxing)

.comment        0x00000000       0x7e
 .comment       0x00000000       0x7e main.o
                                 0x7f (size before relaxing)
 .comment       0x0000007e       0x7f startup.o

.ARM.attributes
                0x00000000       0x33
 .ARM.attributes
                0x00000000       0x33 main.o
 .ARM.attributes
                0x00000033       0x33 startup.o

.debug_frame    0x00000000       0x7c
 .debug_frame   0x00000000       0x2c main.o
 .debug_frame   0x0000002c       0x50 startup.o
